Archive member included to satisfy reference by file (symbol)

C:/ST/STM32CubeIDE_1.13.2/STM32CubeIDE/plugins/com.st.stm32cube.ide.mcu.externaltools.gnu-tools-for-stm32.11.3.rel1.win32_1.1.1.202309131626/tools/bin/../lib/gcc/arm-none-eabi/11.3.1/../../../../arm-none-eabi/lib/thumb/v7e-m+fp/hard\libc_nano.a(libc_a-exit.o)
                              C:/ST/STM32CubeIDE_1.13.2/STM32CubeIDE/plugins/com.st.stm32cube.ide.mcu.externaltools.gnu-tools-for-stm32.11.3.rel1.win32_1.1.1.202309131626/tools/bin/../lib/gcc/arm-none-eabi/11.3.1/../../../../arm-none-eabi/lib/thumb/v7e-m+fp/hard/crt0.o (exit)
C:/ST/STM32CubeIDE_1.13.2/STM32CubeIDE/plugins/com.st.stm32cube.ide.mcu.externaltools.gnu-tools-for-stm32.11.3.rel1.win32_1.1.1.202309131626/tools/bin/../lib/gcc/arm-none-eabi/11.3.1/../../../../arm-none-eabi/lib/thumb/v7e-m+fp/hard\libc_nano.a(libc_a-findfp.o)
                              C:/ST/STM32CubeIDE_1.13.2/STM32CubeIDE/plugins/com.st.stm32cube.ide.mcu.externaltools.gnu-tools-for-stm32.11.3.rel1.win32_1.1.1.202309131626/tools/bin/../lib/gcc/arm-none-eabi/11.3.1/../../../../arm-none-eabi/lib/thumb/v7e-m+fp/hard\libc_nano.a(libc_a-exit.o) (__stdio_exit_handler)
C:/ST/STM32CubeIDE_1.13.2/STM32CubeIDE/plugins/com.st.stm32cube.ide.mcu.externaltools.gnu-tools-for-stm32.11.3.rel1.win32_1.1.1.202309131626/tools/bin/../lib/gcc/arm-none-eabi/11.3.1/../../../../arm-none-eabi/lib/thumb/v7e-m+fp/hard\libc_nano.a(libc_a-fwalk.o)
                              C:/ST/STM32CubeIDE_1.13.2/STM32CubeIDE/plugins/com.st.stm32cube.ide.mcu.externaltools.gnu-tools-for-stm32.11.3.rel1.win32_1.1.1.202309131626/tools/bin/../lib/gcc/arm-none-eabi/11.3.1/../../../../arm-none-eabi/lib/thumb/v7e-m+fp/hard\libc_nano.a(libc_a-findfp.o) (_fwalk_sglue)
C:/ST/STM32CubeIDE_1.13.2/STM32CubeIDE/plugins/com.st.stm32cube.ide.mcu.externaltools.gnu-tools-for-stm32.11.3.rel1.win32_1.1.1.202309131626/tools/bin/../lib/gcc/arm-none-eabi/11.3.1/../../../../arm-none-eabi/lib/thumb/v7e-m+fp/hard\libc_nano.a(libc_a-stdio.o)
                              C:/ST/STM32CubeIDE_1.13.2/STM32CubeIDE/plugins/com.st.stm32cube.ide.mcu.externaltools.gnu-tools-for-stm32.11.3.rel1.win32_1.1.1.202309131626/tools/bin/../lib/gcc/arm-none-eabi/11.3.1/../../../../arm-none-eabi/lib/thumb/v7e-m+fp/hard\libc_nano.a(libc_a-findfp.o) (__sread)
C:/ST/STM32CubeIDE_1.13.2/STM32CubeIDE/plugins/com.st.stm32cube.ide.mcu.externaltools.gnu-tools-for-stm32.11.3.rel1.win32_1.1.1.202309131626/tools/bin/../lib/gcc/arm-none-eabi/11.3.1/../../../../arm-none-eabi/lib/thumb/v7e-m+fp/hard\libc_nano.a(libc_a-memset.o)
                              C:/ST/STM32CubeIDE_1.13.2/STM32CubeIDE/plugins/com.st.stm32cube.ide.mcu.externaltools.gnu-tools-for-stm32.11.3.rel1.win32_1.1.1.202309131626/tools/bin/../lib/gcc/arm-none-eabi/11.3.1/../../../../arm-none-eabi/lib/thumb/v7e-m+fp/hard/crt0.o (memset)
C:/ST/STM32CubeIDE_1.13.2/STM32CubeIDE/plugins/com.st.stm32cube.ide.mcu.externaltools.gnu-tools-for-stm32.11.3.rel1.win32_1.1.1.202309131626/tools/bin/../lib/gcc/arm-none-eabi/11.3.1/../../../../arm-none-eabi/lib/thumb/v7e-m+fp/hard\libc_nano.a(libc_a-strncpy.o)
                              ./Core/Src/bsp_uart.o (strncpy)
C:/ST/STM32CubeIDE_1.13.2/STM32CubeIDE/plugins/com.st.stm32cube.ide.mcu.externaltools.gnu-tools-for-stm32.11.3.rel1.win32_1.1.1.202309131626/tools/bin/../lib/gcc/arm-none-eabi/11.3.1/../../../../arm-none-eabi/lib/thumb/v7e-m+fp/hard\libc_nano.a(libc_a-closer.o)
                              C:/ST/STM32CubeIDE_1.13.2/STM32CubeIDE/plugins/com.st.stm32cube.ide.mcu.externaltools.gnu-tools-for-stm32.11.3.rel1.win32_1.1.1.202309131626/tools/bin/../lib/gcc/arm-none-eabi/11.3.1/../../../../arm-none-eabi/lib/thumb/v7e-m+fp/hard\libc_nano.a(libc_a-stdio.o) (_close_r)
C:/ST/STM32CubeIDE_1.13.2/STM32CubeIDE/plugins/com.st.stm32cube.ide.mcu.externaltools.gnu-tools-for-stm32.11.3.rel1.win32_1.1.1.202309131626/tools/bin/../lib/gcc/arm-none-eabi/11.3.1/../../../../arm-none-eabi/lib/thumb/v7e-m+fp/hard\libc_nano.a(libc_a-reent.o)
                              C:/ST/STM32CubeIDE_1.13.2/STM32CubeIDE/plugins/com.st.stm32cube.ide.mcu.externaltools.gnu-tools-for-stm32.11.3.rel1.win32_1.1.1.202309131626/tools/bin/../lib/gcc/arm-none-eabi/11.3.1/../../../../arm-none-eabi/lib/thumb/v7e-m+fp/hard\libc_nano.a(libc_a-closer.o) (errno)
C:/ST/STM32CubeIDE_1.13.2/STM32CubeIDE/plugins/com.st.stm32cube.ide.mcu.externaltools.gnu-tools-for-stm32.11.3.rel1.win32_1.1.1.202309131626/tools/bin/../lib/gcc/arm-none-eabi/11.3.1/../../../../arm-none-eabi/lib/thumb/v7e-m+fp/hard\libc_nano.a(libc_a-impure.o)
                              C:/ST/STM32CubeIDE_1.13.2/STM32CubeIDE/plugins/com.st.stm32cube.ide.mcu.externaltools.gnu-tools-for-stm32.11.3.rel1.win32_1.1.1.202309131626/tools/bin/../lib/gcc/arm-none-eabi/11.3.1/../../../../arm-none-eabi/lib/thumb/v7e-m+fp/hard\libc_nano.a(libc_a-reent.o) (_impure_ptr)
[...]
Memory Configuration

Name             Origin             Length             Attributes
RAM              0x0000000020000000 0x0000000000020000 xrw
FLASH            0x0000000008000000 0x0000000000080000 xr
*default*        0x0000000000000000 0xffffffffffffffff

Linker script and memory map

LOAD C:/ST/STM32CubeIDE_1.13.2/STM32CubeIDE/plugins/com.st.stm32cube.ide.mcu.externaltools.gnu-tools-for-stm32.11.3.rel1.win32_1.1.1.202309131626/tools/bin/../lib/gcc/arm-none-eabi/11.3.1/thumb/v7e-m+fp/hard/crti.o
LOAD C:/ST/STM32CubeIDE_1.13.2/STM32CubeIDE/plugins/com.st.stm32cube.ide.mcu.externaltools.gnu-tools-for-stm32.11.3.rel1.win32_1.1.1.202309131626/tools/bin/../lib/gcc/arm-none-eabi/11.3.1/thumb/v7e-m+fp/hard/crtbegin.o
LOAD C:/ST/STM32CubeIDE_1.13.2/STM32CubeIDE/plugins/com.st.stm32cube.ide.mcu.externaltools.gnu-tools-for-stm32.11.3.rel1.win32_1.1.1.202309131626/tools/bin/../lib/gcc/arm-none-eabi/11.3.1/../../../../arm-none-eabi/lib/thumb/v7e-m+fp/hard/crt0.o
LOAD ./Core/Src/Ball.o
LOAD ./Core/Src/Bat.o
LOAD ./Core/Src/Brick.o
LOAD ./Core/Src/Display.o
LOAD ./Core/Src/adc.o
LOAD ./Core/Src/bsp_uart.o
LOAD ./Core/Src/dma.o
LOAD ./Core/Src/gpio.o
LOAD ./Core/Src/main.o
LOAD ./Core/Src/mainloop.o
LOAD ./Core/Src/stm32f4xx_hal_msp.o
LOAD ./Core/Src/stm32f4xx_it.o
LOAD ./Core/Src/syscalls.o
LOAD ./Core/Src/sysmem.o
LOAD ./Core/Src/system_stm32f4xx.o
LOAD ./Core/Src/usart.o
LOAD ./Core/Startup/startup_stm32f446retx.o
LOAD ./Drivers/STM32F4xx_HAL_Driver/Src/stm32f4xx_hal.o
LOAD ./Drivers/STM32F4xx_HAL_Driver/Src/stm32f4xx_hal_adc.o
LOAD ./Drivers/STM32F4xx_HAL_Driver/Src/stm32f4xx_hal_adc_ex.o
LOAD ./Drivers/STM32F4xx_HAL_Driver/Src/stm32f4xx_hal_cortex.o
LOAD ./Drivers/STM32F4xx_HAL_Driver/Src/stm32f4xx_hal_dma.o
LOAD ./Drivers/STM32F4xx_HAL_Driver/Src/stm32f4xx_hal_dma_ex.o
LOAD ./Drivers/STM32F4xx_HAL_Driver/Src/stm32f4xx_hal_exti.o
LOAD ./Drivers/STM32F4xx_HAL_Driver/Src/stm32f4xx_hal_flash.o
LOAD ./Drivers/STM32F4xx_HAL_Driver/Src/stm32f4xx_hal_flash_ex.o
LOAD ./Drivers/STM32F4xx_HAL_Driver/Src/stm32f4xx_hal_flash_ramfunc.o
LOAD ./Drivers/STM32F4xx_HAL_Driver/Src/stm32f4xx_hal_gpio.o
LOAD ./Drivers/STM32F4xx_HAL_Driver/Src/stm32f4xx_hal_pwr.o
LOAD ./Drivers/STM32F4xx_HAL_Driver/Src/stm32f4xx_hal_pwr_ex.o
LOAD ./Drivers/STM32F4xx_HAL_Driver/Src/stm32f4xx_hal_rcc.o
LOAD ./Drivers/STM32F4xx_HAL_Driver/Src/stm32f4xx_hal_rcc_ex.o
LOAD ./Drivers/STM32F4xx_HAL_Driver/Src/stm32f4xx_hal_tim.o
LOAD ./Drivers/STM32F4xx_HAL_Driver/Src/stm32f4xx_hal_tim_ex.o
LOAD ./Drivers/STM32F4xx_HAL_Driver/Src/stm32f4xx_hal_uart.o
LOAD ./Drivers/STM32F4xx_HAL_Driver/Src/stm32f4xx_ll_adc.o
START GROUP
LOAD C:/ST/STM32CubeIDE_1.13.2/STM32CubeIDE/plugins/com.st.stm32cube.ide.mcu.externaltools.gnu-tools-for-stm32.11.3.rel1.win32_1.1.1.202309131626/tools/bin/../lib/gcc/arm-none-eabi/11.3.1/../../../../arm-none-eabi/lib/thumb/v7e-m+fp/hard\libc_nano.a
LOAD C:/ST/STM32CubeIDE_1.13.2/STM32CubeIDE/plugins/com.st.stm32cube.ide.mcu.externaltools.gnu-tools-for-stm32.11.3.rel1.win32_1.1.1.202309131626/tools/bin/../lib/gcc/arm-none-eabi/11.3.1/../../../../arm-none-eabi/lib/thumb/v7e-m+fp/hard\libm.a
END GROUP
START GROUP
LOAD C:/ST/STM32CubeIDE_1.13.2/STM32CubeIDE/plugins/com.st.stm32cube.ide.mcu.externaltools.gnu-tools-for-stm32.11.3.rel1.win32_1.1.1.202309131626/tools/bin/../lib/gcc/arm-none-eabi/11.3.1/thumb/v7e-m+fp/hard\libgcc.a
LOAD C:/ST/STM32CubeIDE_1.13.2/STM32CubeIDE/plugins/com.st.stm32cube.ide.mcu.externaltools.gnu-tools-for-stm32.11.3.rel1.win32_1.1.1.202309131626/tools/bin/../lib/gcc/arm-none-eabi/11.3.1/../../../../arm-none-eabi/lib/thumb/v7e-m+fp/hard\libc_nano.a
END GROUP
START GROUP
LOAD C:/ST/STM32CubeIDE_1.13.2/STM32CubeIDE/plugins/com.st.stm32cube.ide.mcu.externaltools.gnu-tools-for-stm32.11.3.rel1.win32_1.1.1.202309131626/tools/bin/../lib/gcc/arm-none-eabi/11.3.1/thumb/v7e-m+fp/hard\libgcc.a
LOAD C:/ST/STM32CubeIDE_1.13.2/STM32CubeIDE/plugins/com.st.stm32cube.ide.mcu.externaltools.gnu-tools-for-stm32.11.3.rel1.win32_1.1.1.202309131626/tools/bin/../lib/gcc/arm-none-eabi/11.3.1/../../../../arm-none-eabi/lib/thumb/v7e-m+fp/hard\libc_nano.a
LOAD C:/ST/STM32CubeIDE_1.13.2/STM32CubeIDE/plugins/com.st.stm32cube.ide.mcu.externaltools.gnu-tools-for-stm32.11.3.rel1.win32_1.1.1.202309131626/tools/bin/../lib/gcc/arm-none-eabi/11.3.1/../../../../arm-none-eabi/lib/thumb/v7e-m+fp/hard\libnosys.a
END GROUP
START GROUP
LOAD C:/ST/STM32CubeIDE_1.13.2/STM32CubeIDE/plugins/com.st.stm32cube.ide.mcu.externaltools.gnu-tools-for-stm32.11.3.rel1.win32_1.1.1.202309131626/tools/bin/../lib/gcc/arm-none-eabi/11.3.1/thumb/v7e-m+fp/hard\libgcc.a
LOAD C:/ST/STM32CubeIDE_1.13.2/STM32CubeIDE/plugins/com.st.stm32cube.ide.mcu.externaltools.gnu-tools-for-stm32.11.3.rel1.win32_1.1.1.202309131626/tools/bin/../lib/gcc/arm-none-eabi/11.3.1/../../../../arm-none-eabi/lib/thumb/v7e-m+fp/hard\libc_nano.a
LOAD C:/ST/STM32CubeIDE_1.13.2/STM32CubeIDE/plugins/com.st.stm32cube.ide.mcu.externaltools.gnu-tools-for-stm32.11.3.rel1.win32_1.1.1.202309131626/tools/bin/../lib/gcc/arm-none-eabi/11.3.1/../../../../arm-none-eabi/lib/thumb/v7e-m+fp/hard\libnosys.a
END GROUP
LOAD C:/ST/STM32CubeIDE_1.13.2/STM32CubeIDE/plugins/com.st.stm32cube.ide.mcu.externaltools.gnu-tools-for-stm32.11.3.rel1.win32_1.1.1.202309131626/tools/bin/../lib/gcc/arm-none-eabi/11.3.1/thumb/v7e-m+fp/hard/crtend.o
LOAD C:/ST/STM32CubeIDE_1.13.2/STM32CubeIDE/plugins/com.st.stm32cube.ide.mcu.externaltools.gnu-tools-for-stm32.11.3.rel1.win32_1.1.1.202309131626/tools/bin/../lib/gcc/arm-none-eabi/11.3.1/thumb/v7e-m+fp/hard/crtn.o
                0x0000000020020000                _estack = (ORIGIN (RAM) + LENGTH (RAM))
                0x0000000000000200                _Min_Heap_Size = 0x200
                0x0000000000000400                _Min_Stack_Size = 0x400

.isr_vector     0x0000000008000000      0x1c4
                0x0000000008000000                . = ALIGN (0x4)
 *(.isr_vector)
 .isr_vector    0x0000000008000000      0x1c4 ./Core/Startup/startup_stm32f446retx.o
                0x0000000008000000                g_pfnVectors
                0x00000000080001c4                . = ALIGN (0x4)

.text           0x00000000080001c8     0x50a8
                0x00000000080001c8                . = ALIGN (0x4)
 *(.text)
 .text          0x00000000080001c8       0x40 C:/ST/STM32CubeIDE_1.13.2/STM32CubeIDE/plugins/com.st.stm32cube.ide.mcu.externaltools.gnu-tools-for-stm32.11.3.rel1.win32_1.1.1.202309131626/tools/bin/../lib/gcc/arm-none-eabi/11.3.1/thumb/v7e-m+fp/hard/crtbegin.o
 .text          0x0000000008000208      0x378 C:/ST/STM32CubeIDE_1.13.2/STM32CubeIDE/plugins/com.st.stm32cube.ide.mcu.externaltools.gnu-tools-for-stm32.11.3.rel1.win32_1.1.1.202309131626/tools/bin/../lib/gcc/arm-none-eabi/11.3.1/thumb/v7e-m+fp/hard\libgcc.a(_arm_addsubdf3.o)
                0x0000000008000208                __aeabi_drsub
                0x0000000008000210                __aeabi_dsub
                0x0000000008000210                __subdf3
                0x0000000008000214                __aeabi_dadd
                0x0000000008000214                __adddf3
                0x000000000800048c                __floatunsidf
                0x000000000800048c                __aeabi_ui2d
                0x00000000080004ac                __floatsidf
                0x00000000080004ac                __aeabi_i2d
                0x00000000080004d0                __aeabi_f2d
                0x00000000080004d0                __extendsfdf2
                0x0000000008000514                __floatundidf
                0x0000000008000514                __aeabi_ul2d
                0x0000000008000524                __floatdidf
                0x0000000008000524                __aeabi_l2d
 .text          0x0000000008000580      0x424 C:/ST/STM32CubeIDE_1.13.2/STM32CubeIDE/plugins/com.st.stm32cube.ide.mcu.externaltools.gnu-tools-for-stm32.11.3.rel1.win32_1.1.1.202309131626/tools/bin/../lib/gcc/arm-none-eabi/11.3.1/thumb/v7e-m+fp/hard\libgcc.a(_arm_muldivdf3.o)
                0x0000000008000580                __aeabi_dmul
                0x0000000008000580                __muldf3
                0x00000000080007d4                __divdf3
                0x00000000080007d4                __aeabi_ddiv
 .text          0x00000000080009a4      0x110 C:/ST/STM32CubeIDE_1.13.2/STM32CubeIDE/plugins/com.st.stm32cube.ide.mcu.externaltools.gnu-tools-for-stm32.11.3.rel1.win32_1.1.1.202309131626/tools/bin/../lib/gcc/arm-none-eabi/11.3.1/thumb/v7e-m+fp/hard\libgcc.a(_arm_cmpdf2.o)
                0x00000000080009a4                __gtdf2
                0x00000000080009a4                __gedf2
                0x00000000080009ac                __ltdf2
                0x00000000080009ac                __ledf2
                0x00000000080009b4                __nedf2
                0x00000000080009b4                __eqdf2
                0x00000000080009b4                __cmpdf2
                0x0000000008000a30                __aeabi_cdrcmple
                0x0000000008000a40                __aeabi_cdcmpeq
                0x0000000008000a40                __aeabi_cdcmple
                0x0000000008000a50                __aeabi_dcmpeq
                0x0000000008000a64                __aeabi_dcmplt
                0x0000000008000a78                __aeabi_dcmple
                0x0000000008000a8c                __aeabi_dcmpge
                0x0000000008000aa0                __aeabi_dcmpgt
 .text          0x0000000008000ab4       0x30 C:/ST/STM32CubeIDE_1.13.2/STM32CubeIDE/plugins/com.st.stm32cube.ide.mcu.externaltools.gnu-tools-for-stm32.11.3.rel1.win32_1.1.1.202309131626/tools/bin/../lib/gcc/arm-none-eabi/11.3.1/thumb/v7e-m+fp/hard\libgcc.a(_aeabi_uldivmod.o)
                0x0000000008000ab4                __aeabi_uldivmod
 .text          0x0000000008000ae4      0x2c8 C:/ST/STM32CubeIDE_1.13.2/STM32CubeIDE/plugins/com.st.stm32cube.ide.mcu.externaltools.gnu-tools-for-stm32.11.3.rel1.win32_1.1.1.202309131626/tools/bin/../lib/gcc/arm-none-eabi/11.3.1/thumb/v7e-m+fp/hard\libgcc.a(_udivmoddi4.o)
                0x0000000008000ae4                __udivmoddi4
 .text          0x0000000008000dac        0x4 C:/ST/STM32CubeIDE_1.13.2/STM32CubeIDE/plugins/com.st.stm32cube.ide.mcu.externaltools.gnu-tools-for-stm32.11.3.rel1.win32_1.1.1.202309131626/tools/bin/../lib/gcc/arm-none-eabi/11.3.1/thumb/v7e-m+fp/hard\libgcc.a(_dvmd_tls.o)
                0x0000000008000dac                __aeabi_idiv0
                0x0000000008000dac                __aeabi_ldiv0
 *(.text*)
 .text.ball_init
                0x0000000008000db0       0x40 ./Core/Src/Ball.o
                0x0000000008000db0                ball_init
 .text.move_Ball
                0x0000000008000df0      0x14c ./Core/Src/Ball.o
                0x0000000008000df0                move_Ball
 .text.brick_collision
                0x0000000008000f3c      0x6c8 ./Core/Src/Ball.o
                0x0000000008000f3c                brick_collision
 .text.ball_display
                0x0000000008001604       0x84 ./Core/Src/Ball.o
                0x0000000008001604                ball_display
 .text.move_Bat
                0x0000000008001688       0x80 ./Core/Src/Bat.o
                0x0000000008001688                move_Bat
 .text.bat_display
                0x0000000008001708       0x6c ./Core/Src/Bat.o
                0x0000000008001708                bat_display
 .text.generate_Bricks
                0x0000000008001774      0x104 ./Core/Src/Brick.o
                0x0000000008001774                generate_Bricks
 .text.brick_display
                0x0000000008001878      0x124 ./Core/Src/Brick.o
                0x0000000008001878                brick_display
 .text.reset_lcd_display
                0x000000000800199c       0x60 ./Core/Src/Display.o
                0x000000000800199c                reset_lcd_display
 .text.fill_lcd_display_array
                0x00000000080019fc       0x78 ./Core/Src/Display.o
                0x00000000080019fc                fill_lcd_display_array
 .text.game_over_PCB
                0x0000000008001a74       0x18 ./Core/Src/Display.o
                0x0000000008001a74                game_over_PCB
 .text.MX_ADC1_Init
                0x0000000008001a8c       0xa4 ./Core/Src/adc.o
                0x0000000008001a8c                MX_ADC1_Init
 .text.MX_ADC2_Init
                0x0000000008001b30       0xa4 ./Core/Src/adc.o
                0x0000000008001b30                MX_ADC2_Init
 .text.HAL_ADC_MspInit
                0x0000000008001bd4      0x1bc ./Core/Src/adc.o
                0x0000000008001bd4                HAL_ADC_MspInit
 .text.UART_Init
                0x0000000008001d90       0x1c ./Core/Src/bsp_uart.o
                0x0000000008001d90                UART_Init
 .text.MX_DMA_Init
                0x0000000008001dac       0x50 ./Core/Src/dma.o
                0x0000000008001dac                MX_DMA_Init
 .text.MX_GPIO_Init
                0x0000000008001dfc      0x134 ./Core/Src/gpio.o
                0x0000000008001dfc                MX_GPIO_Init
 .text.main     0x0000000008001f30       0x2e ./Core/Src/main.o
                0x0000000008001f30                main
 *fill*         0x0000000008001f5e        0x2 
 .text.SystemClock_Config
                0x0000000008001f60       0xdc ./Core/Src/main.o
                0x0000000008001f60                SystemClock_Config
 .text.Error_Handler
                0x000000000800203c        0xa ./Core/Src/main.o
                0x000000000800203c                Error_Handler
 *fill*         0x0000000008002046        0x2 
 .text.turn_On_LCD
                0x0000000008002048       0xe8 ./Core/Src/mainloop.o
                0x0000000008002048                turn_On_LCD
 .text.StartAddress
                0x0000000008002130      0x184 ./Core/Src/mainloop.o
                0x0000000008002130                StartAddress
 .text.PCBOutput
                0x00000000080022b4      0x3c4 ./Core/Src/mainloop.o
                0x00000000080022b4                PCBOutput
 .text.mainloop_init_PCB
                0x0000000008002678       0x44 ./Core/Src/mainloop.o
                0x0000000008002678                mainloop_init_PCB
 *fill*         0x00000000080026bc        0x4 
 .text.mainloop_go_PCB
                0x00000000080026c0      0x118 ./Core/Src/mainloop.o
                0x00000000080026c0                mainloop_go_PCB
 .text.HAL_MspInit
                0x00000000080027d8       0x50 ./Core/Src/stm32f4xx_hal_msp.o
                0x00000000080027d8                HAL_MspInit
 .text.NMI_Handler
                0x0000000008002828        0x6 ./Core/Src/stm32f4xx_it.o
                0x0000000008002828                NMI_Handler
 .text.HardFault_Handler
                0x000000000800282e        0x6 ./Core/Src/stm32f4xx_it.o
                0x000000000800282e                HardFault_Handler
 .text.MemManage_Handler
                0x0000000008002834        0x6 ./Core/Src/stm32f4xx_it.o
                0x0000000008002834                MemManage_Handler
 .text.BusFault_Handler
                0x000000000800283a        0x6 ./Core/Src/stm32f4xx_it.o
                0x000000000800283a                BusFault_Handler
 .text.UsageFault_Handler
                0x0000000008002840        0x6 ./Core/Src/stm32f4xx_it.o
                0x0000000008002840                UsageFault_Handler
 .text.SVC_Handler
                0x0000000008002846        0xe ./Core/Src/stm32f4xx_it.o
                0x0000000008002846                SVC_Handler
 .text.DebugMon_Handler
                0x0000000008002854        0xe ./Core/Src/stm32f4xx_it.o
                0x0000000008002854                DebugMon_Handler
 .text.PendSV_Handler
                0x0000000008002862        0xe ./Core/Src/stm32f4xx_it.o
                0x0000000008002862                PendSV_Handler
 .text.SysTick_Handler
                0x0000000008002870        0xc ./Core/Src/stm32f4xx_it.o
                0x0000000008002870                SysTick_Handler
 .text.DMA2_Stream0_IRQHandler
                0x000000000800287c       0x14 ./Core/Src/stm32f4xx_it.o
                0x000000000800287c                DMA2_Stream0_IRQHandler
 .text.DMA2_Stream2_IRQHandler
                0x0000000008002890       0x14 ./Core/Src/stm32f4xx_it.o
                0x0000000008002890                DMA2_Stream2_IRQHandler
 .text.SystemInit
                0x00000000080028a4       0x24 ./Core/Src/system_stm32f4xx.o
                0x00000000080028a4                SystemInit
 .text.MX_USART3_UART_Init
                0x00000000080028c8       0x54 ./Core/Src/usart.o
                0x00000000080028c8                MX_USART3_UART_Init
 .text.HAL_UART_MspInit
                0x000000000800291c       0x90 ./Core/Src/usart.o
                0x000000000800291c                HAL_UART_MspInit
 .text.Reset_Handler
                0x00000000080029ac       0x50 ./Core/Startup/startup_stm32f446retx.o
                0x00000000080029ac                Reset_Handler
 .text.Default_Handler
                0x00000000080029fc        0x2 ./Core/Startup/startup_stm32f446retx.o
                0x00000000080029fc                RTC_Alarm_IRQHandler
                0x00000000080029fc                EXTI2_IRQHandler
                0x00000000080029fc                TIM8_CC_IRQHandler
                0x00000000080029fc                FMPI2C1_EV_IRQHandler
                0x00000000080029fc                SPI4_IRQHandler
                0x00000000080029fc                TIM1_CC_IRQHandler
                0x00000000080029fc                DMA2_Stream5_IRQHandler
                0x00000000080029fc                DMA1_Stream5_IRQHandler
                0x00000000080029fc                PVD_IRQHandler
                0x00000000080029fc                SDIO_IRQHandler
                0x00000000080029fc                TAMP_STAMP_IRQHandler
                0x00000000080029fc                CAN2_RX1_IRQHandler
                0x00000000080029fc                EXTI3_IRQHandler
                0x00000000080029fc                TIM8_TRG_COM_TIM14_IRQHandler
                0x00000000080029fc                TIM1_UP_TIM10_IRQHandler
                0x00000000080029fc                TIM8_UP_TIM13_IRQHandler
                0x00000000080029fc                I2C3_ER_IRQHandler
                0x00000000080029fc                EXTI0_IRQHandler
                0x00000000080029fc                I2C2_EV_IRQHandler
                0x00000000080029fc                DMA1_Stream2_IRQHandler
                0x00000000080029fc                CAN1_RX0_IRQHandler
                0x00000000080029fc                FPU_IRQHandler
                0x00000000080029fc                OTG_HS_WKUP_IRQHandler
                0x00000000080029fc                CAN2_SCE_IRQHandler
                0x00000000080029fc                SPI1_IRQHandler
                0x00000000080029fc                TIM6_DAC_IRQHandler
                0x00000000080029fc                TIM1_BRK_TIM9_IRQHandler
                0x00000000080029fc                DCMI_IRQHandler
                0x00000000080029fc                CAN2_RX0_IRQHandler
                0x00000000080029fc                DMA2_Stream3_IRQHandler
                0x00000000080029fc                SAI2_IRQHandler
                0x00000000080029fc                USART6_IRQHandler
                0x00000000080029fc                USART3_IRQHandler
                0x00000000080029fc                CAN1_RX1_IRQHandler
                0x00000000080029fc                UART5_IRQHandler
                0x00000000080029fc                TIM4_IRQHandler
                0x00000000080029fc                QUADSPI_IRQHandler
                0x00000000080029fc                I2C1_EV_IRQHandler
                0x00000000080029fc                DMA1_Stream6_IRQHandler
                0x00000000080029fc                DMA1_Stream1_IRQHandler
                0x00000000080029fc                UART4_IRQHandler
                0x00000000080029fc                TIM3_IRQHandler
                0x00000000080029fc                RCC_IRQHandler
                0x00000000080029fc                TIM8_BRK_TIM12_IRQHandler
                0x00000000080029fc                Default_Handler
                0x00000000080029fc                CEC_IRQHandler
                0x00000000080029fc                EXTI15_10_IRQHandler
                0x00000000080029fc                ADC_IRQHandler
                0x00000000080029fc                DMA1_Stream7_IRQHandler
                0x00000000080029fc                TIM7_IRQHandler
                0x00000000080029fc                CAN2_TX_IRQHandler
                0x00000000080029fc                TIM5_IRQHandler
                0x00000000080029fc                DMA2_Stream7_IRQHandler
                0x00000000080029fc                I2C3_EV_IRQHandler
                0x00000000080029fc                EXTI9_5_IRQHandler
                0x00000000080029fc                RTC_WKUP_IRQHandler
                0x00000000080029fc                SPDIF_RX_IRQHandler
                0x00000000080029fc                SPI2_IRQHandler
                0x00000000080029fc                OTG_HS_EP1_IN_IRQHandler
                0x00000000080029fc                DMA1_Stream0_IRQHandler
                0x00000000080029fc                CAN1_TX_IRQHandler
                0x00000000080029fc                FMPI2C1_ER_IRQHandler
                0x00000000080029fc                EXTI4_IRQHandler
                0x00000000080029fc                OTG_HS_EP1_OUT_IRQHandler
                0x00000000080029fc                WWDG_IRQHandler
                0x00000000080029fc                TIM2_IRQHandler
                0x00000000080029fc                OTG_FS_WKUP_IRQHandler
                0x00000000080029fc                TIM1_TRG_COM_TIM11_IRQHandler
                0x00000000080029fc                OTG_HS_IRQHandler
                0x00000000080029fc                EXTI1_IRQHandler
                0x00000000080029fc                USART2_IRQHandler
                0x00000000080029fc                I2C2_ER_IRQHandler
                0x00000000080029fc                DMA2_Stream1_IRQHandler
                0x00000000080029fc                CAN1_SCE_IRQHandler
                0x00000000080029fc                FLASH_IRQHandler
                0x00000000080029fc                DMA2_Stream4_IRQHandler
                0x00000000080029fc                USART1_IRQHandler
                0x00000000080029fc                OTG_FS_IRQHandler
                0x00000000080029fc                SPI3_IRQHandler
                0x00000000080029fc                DMA1_Stream4_IRQHandler
                0x00000000080029fc                I2C1_ER_IRQHandler
                0x00000000080029fc                FMC_IRQHandler
                0x00000000080029fc                DMA2_Stream6_IRQHandler
                0x00000000080029fc                SAI1_IRQHandler
                0x00000000080029fc                DMA1_Stream3_IRQHandler
 *fill*         0x00000000080029fe        0x2 
 .text.HAL_Init
                0x0000000008002a00       0x44 ./Drivers/STM32F4xx_HAL_Driver/Src/stm32f4xx_hal.o
                0x0000000008002a00                HAL_Init
 .text.HAL_InitTick
                0x0000000008002a44       0x60 ./Drivers/STM32F4xx_HAL_Driver/Src/stm32f4xx_hal.o
                0x0000000008002a44                HAL_InitTick
 .text.HAL_IncTick
                0x0000000008002aa4       0x28 ./Drivers/STM32F4xx_HAL_Driver/Src/stm32f4xx_hal.o
                0x0000000008002aa4                HAL_IncTick
 .text.HAL_GetTick
                0x0000000008002acc       0x18 ./Drivers/STM32F4xx_HAL_Driver/Src/stm32f4xx_hal.o
                0x0000000008002acc                HAL_GetTick
 .text.HAL_Delay
                0x0000000008002ae4       0x48 ./Drivers/STM32F4xx_HAL_Driver/Src/stm32f4xx_hal.o
                0x0000000008002ae4                HAL_Delay
 .text.HAL_ADC_Init
                0x0000000008002b2c       0x86 ./Drivers/STM32F4xx_HAL_Driver/Src/stm32f4xx_hal_adc.o
                0x0000000008002b2c                HAL_ADC_Init
 *fill*         0x0000000008002bb2        0x2 
 .text.HAL_ADC_Start_DMA
                0x0000000008002bb4      0x220 ./Drivers/STM32F4xx_HAL_Driver/Src/stm32f4xx_hal_adc.o
                0x0000000008002bb4                HAL_ADC_Start_DMA
 .text.HAL_ADC_ConvCpltCallback
                0x0000000008002dd4       0x14 ./Drivers/STM32F4xx_HAL_Driver/Src/stm32f4xx_hal_adc.o
                0x0000000008002dd4                HAL_ADC_ConvCpltCallback
 .text.HAL_ADC_ConvHalfCpltCallback
                0x0000000008002de8       0x14 ./Drivers/STM32F4xx_HAL_Driver/Src/stm32f4xx_hal_adc.o
                0x0000000008002de8                HAL_ADC_ConvHalfCpltCallback
 .text.HAL_ADC_ErrorCallback
                0x0000000008002dfc       0x14 ./Drivers/STM32F4xx_HAL_Driver/Src/stm32f4xx_hal_adc.o
                0x0000000008002dfc                HAL_ADC_ErrorCallback
 .text.HAL_ADC_ConfigChannel
                0x0000000008002e10      0x264 ./Drivers/STM32F4xx_HAL_Driver/Src/stm32f4xx_hal_adc.o
                0x0000000008002e10                HAL_ADC_ConfigChannel
 .text.ADC_Init
                0x0000000008003074      0x1f8 ./Drivers/STM32F4xx_HAL_Driver/Src/stm32f4xx_hal_adc.o
 .text.ADC_DMAConvCplt
                0x000000000800326c       0xba ./Drivers/STM32F4xx_HAL_Driver/Src/stm32f4xx_hal_adc.o
 .text.ADC_DMAHalfConvCplt
                0x0000000008003326       0x1c ./Drivers/STM32F4xx_HAL_Driver/Src/stm32f4xx_hal_adc.o
 .text.ADC_DMAError
                0x0000000008003342       0x2e ./Drivers/STM32F4xx_HAL_Driver/Src/stm32f4xx_hal_adc.o
 .text.__NVIC_SetPriorityGrouping
                0x0000000008003370       0x48 ./Drivers/STM32F4xx_HAL_Driver/Src/stm32f4xx_hal_cortex.o
 .text.__NVIC_GetPriorityGrouping
                0x00000000080033b8       0x1c ./Drivers/STM32F4xx_HAL_Driver/Src/stm32f4xx_hal_cortex.o
 .text.__NVIC_EnableIRQ
                0x00000000080033d4       0x3c ./Drivers/STM32F4xx_HAL_Driver/Src/stm32f4xx_hal_cortex.o
 .text.__NVIC_SetPriority
                0x0000000008003410       0x54 ./Drivers/STM32F4xx_HAL_Driver/Src/stm32f4xx_hal_cortex.o
 .text.NVIC_EncodePriority
                0x0000000008003464       0x66 ./Drivers/STM32F4xx_HAL_Driver/Src/stm32f4xx_hal_cortex.o
 *fill*         0x00000000080034ca        0x2 
 .text.SysTick_Config
                0x00000000080034cc       0x44 ./Drivers/STM32F4xx_HAL_Driver/Src/stm32f4xx_hal_cortex.o
 .text.HAL_NVIC_SetPriorityGrouping
                0x0000000008003510       0x16 ./Drivers/STM32F4xx_HAL_Driver/Src/stm32f4xx_hal_cortex.o
                0x0000000008003510                HAL_NVIC_SetPriorityGrouping
 .text.HAL_NVIC_SetPriority
                0x0000000008003526       0x38 ./Drivers/STM32F4xx_HAL_Driver/Src/stm32f4xx_hal_cortex.o
                0x0000000008003526                HAL_NVIC_SetPriority
 .text.HAL_NVIC_EnableIRQ
                0x000000000800355e       0x1c ./Drivers/STM32F4xx_HAL_Driver/Src/stm32f4xx_hal_cortex.o
                0x000000000800355e                HAL_NVIC_EnableIRQ
 .text.HAL_SYSTICK_Config
                0x000000000800357a       0x18 ./Drivers/STM32F4xx_HAL_Driver/Src/stm32f4xx_hal_cortex.o
                0x000000000800357a                HAL_SYSTICK_Config
 *fill*         0x0000000008003592        0x2 
 .text.HAL_DMA_Init
                0x0000000008003594      0x15c ./Drivers/STM32F4xx_HAL_Driver/Src/stm32f4xx_hal_dma.o
                0x0000000008003594                HAL_DMA_Init
 .text.HAL_DMA_Start_IT
                0x00000000080036f0       0xb0 ./Drivers/STM32F4xx_HAL_Driver/Src/stm32f4xx_hal_dma.o
                0x00000000080036f0                HAL_DMA_Start_IT
 .text.HAL_DMA_IRQHandler
                0x00000000080037a0      0x314 ./Drivers/STM32F4xx_HAL_Driver/Src/stm32f4xx_hal_dma.o
                0x00000000080037a0                HAL_DMA_IRQHandler
 .text.DMA_SetConfig
                0x0000000008003ab4       0x5c ./Drivers/STM32F4xx_HAL_Driver/Src/stm32f4xx_hal_dma.o
 .text.DMA_CalcBaseAndBitshift
                0x0000000008003b10       0x6c ./Drivers/STM32F4xx_HAL_Driver/Src/stm32f4xx_hal_dma.o
 .text.DMA_CheckFifoParam
                0x0000000008003b7c       0xf8 ./Drivers/STM32F4xx_HAL_Driver/Src/stm32f4xx_hal_dma.o
 .text.HAL_GPIO_Init
                0x0000000008003c74      0x328 ./Drivers/STM32F4xx_HAL_Driver/Src/stm32f4xx_hal_gpio.o
                0x0000000008003c74                HAL_GPIO_Init
 .text.HAL_GPIO_WritePin
                0x0000000008003f9c       0x32 ./Drivers/STM32F4xx_HAL_Driver/Src/stm32f4xx_hal_gpio.o
                0x0000000008003f9c                HAL_GPIO_WritePin
 *fill*         0x0000000008003fce        0x2 
 .text.HAL_RCC_ClockConfig
                0x0000000008003fd0      0x1cc ./Drivers/STM32F4xx_HAL_Driver/Src/stm32f4xx_hal_rcc.o
                0x0000000008003fd0                HAL_RCC_ClockConfig
 .text.HAL_RCC_GetHCLKFreq
                0x000000000800419c       0x18 ./Drivers/STM32F4xx_HAL_Driver/Src/stm32f4xx_hal_rcc.o
                0x000000000800419c                HAL_RCC_GetHCLKFreq
 .text.HAL_RCC_GetPCLK1Freq
                0x00000000080041b4       0x28 ./Drivers/STM32F4xx_HAL_Driver/Src/stm32f4xx_hal_rcc.o
                0x00000000080041b4                HAL_RCC_GetPCLK1Freq
 .text.HAL_RCC_GetPCLK2Freq
                0x00000000080041dc       0x28 ./Drivers/STM32F4xx_HAL_Driver/Src/stm32f4xx_hal_rcc.o
                0x00000000080041dc                HAL_RCC_GetPCLK2Freq
 .text.HAL_RCC_GetSysClockFreq
                0x0000000008004204      0x460 ./Drivers/STM32F4xx_HAL_Driver/Src/stm32f4xx_hal_rcc_ex.o
                0x0000000008004204                HAL_RCC_GetSysClockFreq
 .text.HAL_RCC_OscConfig
                0x0000000008004664      0x53c ./Drivers/STM32F4xx_HAL_Driver/Src/stm32f4xx_hal_rcc_ex.o
                0x0000000008004664                HAL_RCC_OscConfig
 .text.HAL_UART_Init
                0x0000000008004ba0       0x9a ./Drivers/STM32F4xx_HAL_Driver/Src/stm32f4xx_hal_uart.o
                0x0000000008004ba0                HAL_UART_Init
 .text.HAL_UART_Receive_IT
                0x0000000008004c3a       0x60 ./Drivers/STM32F4xx_HAL_Driver/Src/stm32f4xx_hal_uart.o
                0x0000000008004c3a                HAL_UART_Receive_IT
 .text.UART_Start_Receive_IT
                0x0000000008004c9a       0x7c ./Drivers/STM32F4xx_HAL_Driver/Src/stm32f4xx_hal_uart.o
                0x0000000008004c9a                UART_Start_Receive_IT
 *fill*         0x0000000008004d16        0x2 
 .text.UART_SetConfig
                0x0000000008004d18      0x4e8 ./Drivers/STM32F4xx_HAL_Driver/Src/stm32f4xx_hal_uart.o
 .text.memset   0x0000000008005200       0x10 C:/ST/STM32CubeIDE_1.13.2/STM32CubeIDE/plugins/com.st.stm32cube.ide.mcu.externaltools.gnu-tools-for-stm32.11.3.rel1.win32_1.1.1.202309131626/tools/bin/../lib/gcc/arm-none-eabi/11.3.1/../../../../arm-none-eabi/lib/thumb/v7e-m+fp/hard\libc_nano.a(libc_a-memset.o)
                0x0000000008005200                memset
 .text.__libc_init_array
                0x0000000008005210       0x48 C:/ST/STM32CubeIDE_1.13.2/STM32CubeIDE/plugins/com.st.stm32cube.ide.mcu.externaltools.gnu-tools-for-stm32.11.3.rel1.win32_1.1.1.202309131626/tools/bin/../lib/gcc/arm-none-eabi/11.3.1/../../../../arm-none-eabi/lib/thumb/v7e-m+fp/hard\libc_nano.a(libc_a-init.o)
                0x0000000008005210                __libc_init_array
 *(.glue_7)
 .glue_7        0x0000000008005258        0x0 linker stubs
 *(.glue_7t)
 .glue_7t       0x0000000008005258        0x0 linker stubs
 *(.eh_frame)
 .eh_frame      0x0000000008005258        0x0 C:/ST/STM32CubeIDE_1.13.2/STM32CubeIDE/plugins/com.st.stm32cube.ide.mcu.externaltools.gnu-tools-for-stm32.11.3.rel1.win32_1.1.1.202309131626/tools/bin/../lib/gcc/arm-none-eabi/11.3.1/thumb/v7e-m+fp/hard/crtbegin.o
 *(.init)
 .init          0x0000000008005258        0x4 C:/ST/STM32CubeIDE_1.13.2/STM32CubeIDE/plugins/com.st.stm32cube.ide.mcu.externaltools.gnu-tools-for-stm32.11.3.rel1.win32_1.1.1.202309131626/tools/bin/../lib/gcc/arm-none-eabi/11.3.1/thumb/v7e-m+fp/hard/crti.o
                0x0000000008005258                _init
 .init          0x000000000800525c        0x8 C:/ST/STM32CubeIDE_1.13.2/STM32CubeIDE/plugins/com.st.stm32cube.ide.mcu.externaltools.gnu-tools-for-stm32.11.3.rel1.win32_1.1.1.202309131626/tools/bin/../lib/gcc/arm-none-eabi/11.3.1/thumb/v7e-m+fp/hard/crtn.o
 *(.fini)
 .fini          0x0000000008005264        0x4 C:/ST/STM32CubeIDE_1.13.2/STM32CubeIDE/plugins/com.st.stm32cube.ide.mcu.externaltools.gnu-tools-for-stm32.11.3.rel1.win32_1.1.1.202309131626/tools/bin/../lib/gcc/arm-none-eabi/11.3.1/thumb/v7e-m+fp/hard/crti.o
                0x0000000008005264                _fini
 .fini          0x0000000008005268        0x8 C:/ST/STM32CubeIDE_1.13.2/STM32CubeIDE/plugins/com.st.stm32cube.ide.mcu.externaltools.gnu-tools-for-stm32.11.3.rel1.win32_1.1.1.202309131626/tools/bin/../lib/gcc/arm-none-eabi/11.3.1/thumb/v7e-m+fp/hard/crtn.o
                0x0000000008005270                . = ALIGN (0x4)
                0x0000000008005270                _etext = .

.vfp11_veneer   0x0000000008005270        0x0
 .vfp11_veneer  0x0000000008005270        0x0 linker stubs

.v4_bx          0x0000000008005270        0x0
 .v4_bx         0x0000000008005270        0x0 linker stubs

.iplt           0x0000000008005270        0x0
 .iplt          0x0000000008005270        0x0 C:/ST/STM32CubeIDE_1.13.2/STM32CubeIDE/plugins/com.st.stm32cube.ide.mcu.externaltools.gnu-tools-for-stm32.11.3.rel1.win32_1.1.1.202309131626/tools/bin/../lib/gcc/arm-none-eabi/11.3.1/thumb/v7e-m+fp/hard/crtbegin.o

.rodata         0x0000000008005270       0x34
                0x0000000008005270                . = ALIGN (0x4)
 *(.rodata)
 .rodata        0x0000000008005270       0x14 ./Core/Src/Ball.o
 *(.rodata*)
 .rodata.AHBPrescTable
                0x0000000008005284       0x10 ./Core/Src/system_stm32f4xx.o
                0x0000000008005284                AHBPrescTable
 .rodata.APBPrescTable
                0x0000000008005294        0x8 ./Core/Src/system_stm32f4xx.o
                0x0000000008005294                APBPrescTable
 .rodata.flagBitshiftOffset.0
                0x000000000800529c        0x8 ./Drivers/STM32F4xx_HAL_Driver/Src/stm32f4xx_hal_dma.o
                0x00000000080052a4                . = ALIGN (0x4)

.ARM.extab      0x00000000080052a4        0x0
                0x00000000080052a4                . = ALIGN (0x4)
 *(.ARM.extab* .gnu.linkonce.armextab.*)
                0x00000000080052a4                . = ALIGN (0x4)

.ARM            0x00000000080052a4        0x8
                0x00000000080052a4                . = ALIGN (0x4)
                0x00000000080052a4                __exidx_start = .
 *(.ARM.exidx*)
 .ARM.exidx     0x00000000080052a4        0x8 C:/ST/STM32CubeIDE_1.13.2/STM32CubeIDE/plugins/com.st.stm32cube.ide.mcu.externaltools.gnu-tools-for-stm32.11.3.rel1.win32_1.1.1.202309131626/tools/bin/../lib/gcc/arm-none-eabi/11.3.1/thumb/v7e-m+fp/hard\libgcc.a(_udivmoddi4.o)
                0x00000000080052ac                __exidx_end = .
                0x00000000080052ac                . = ALIGN (0x4)

.rel.dyn        0x00000000080052ac        0x0
 .rel.iplt      0x00000000080052ac        0x0 C:/ST/STM32CubeIDE_1.13.2/STM32CubeIDE/plugins/com.st.stm32cube.ide.mcu.externaltools.gnu-tools-for-stm32.11.3.rel1.win32_1.1.1.202309131626/tools/bin/../lib/gcc/arm-none-eabi/11.3.1/thumb/v7e-m+fp/hard/crtbegin.o

.preinit_array  0x00000000080052ac        0x0
                0x00000000080052ac                . = ALIGN (0x4)
                0x00000000080052ac                PROVIDE (__preinit_array_start = .)
 *(.preinit_array*)
                0x00000000080052ac                PROVIDE (__preinit_array_end = .)
                0x00000000080052ac                . = ALIGN (0x4)

.init_array     0x00000000080052ac        0x4
                0x00000000080052ac                . = ALIGN (0x4)
                0x00000000080052ac                PROVIDE (__init_array_start = .)
 *(SORT_BY_NAME(.init_array.*))
 *(.init_array*)
 .init_array    0x00000000080052ac        0x4 C:/ST/STM32CubeIDE_1.13.2/STM32CubeIDE/plugins/com.st.stm32cube.ide.mcu.externaltools.gnu-tools-for-stm32.11.3.rel1.win32_1.1.1.202309131626/tools/bin/../lib/gcc/arm-none-eabi/11.3.1/thumb/v7e-m+fp/hard/crtbegin.o
                0x00000000080052b0                PROVIDE (__init_array_end = .)
                0x00000000080052b0                . = ALIGN (0x4)

.fini_array     0x00000000080052b0        0x4
                0x00000000080052b0                . = ALIGN (0x4)
                [!provide]                        PROVIDE (__fini_array_start = .)
 *(SORT_BY_NAME(.fini_array.*))
 *(.fini_array*)
 .fini_array    0x00000000080052b0        0x4 C:/ST/STM32CubeIDE_1.13.2/STM32CubeIDE/plugins/com.st.stm32cube.ide.mcu.externaltools.gnu-tools-for-stm32.11.3.rel1.win32_1.1.1.202309131626/tools/bin/../lib/gcc/arm-none-eabi/11.3.1/thumb/v7e-m+fp/hard/crtbegin.o
                [!provide]                        PROVIDE (__fini_array_end = .)
                0x00000000080052b4                . = ALIGN (0x4)
                0x00000000080052b4                _sidata = LOADADDR (.data)

.data           0x0000000020000000       0x40 load address 0x00000000080052b4
                0x0000000020000000                . = ALIGN (0x4)
                0x0000000020000000                _sdata = .
 *(.data)
 *(.data*)
 .data.ball_display_en
                0x0000000020000000        0x4 ./Core/Src/Ball.o
                0x0000000020000000                ball_display_en
 .data.bat      0x0000000020000004       0x14 ./Core/Src/Bat.o
                0x0000000020000004                bat
 .data.Left_value_adc
                0x0000000020000018        0x4 ./Core/Src/mainloop.o
                0x0000000020000018                Left_value_adc
 .data.Right_value_adc
                0x000000002000001c        0x4 ./Core/Src/mainloop.o
                0x000000002000001c                Right_value_adc
 .data.Left_value
                0x0000000020000020        0x8 ./Core/Src/mainloop.o
                0x0000000020000020                Left_value
 .data.Right_value
                0x0000000020000028        0x8 ./Core/Src/mainloop.o
                0x0000000020000028                Right_value
 .data.moveCommand
                0x0000000020000030        0x1 ./Core/Src/mainloop.o
                0x0000000020000030                moveCommand
 *fill*         0x0000000020000031        0x3 
 .data.SystemCoreClock
                0x0000000020000034        0x4 ./Core/Src/system_stm32f4xx.o
                0x0000000020000034                SystemCoreClock
 .data.uwTickPrio
                0x0000000020000038        0x4 ./Drivers/STM32F4xx_HAL_Driver/Src/stm32f4xx_hal.o
                0x0000000020000038                uwTickPrio
 .data.uwTickFreq
                0x000000002000003c        0x1 ./Drivers/STM32F4xx_HAL_Driver/Src/stm32f4xx_hal.o
                0x000000002000003c                uwTickFreq
 *(.RamFunc)
 *(.RamFunc*)
                0x0000000020000040                . = ALIGN (0x4)
 *fill*         0x000000002000003d        0x3 
                0x0000000020000040                _edata = .

.igot.plt       0x0000000020000040        0x0 load address 0x00000000080052f4
 .igot.plt      0x0000000020000040        0x0 C:/ST/STM32CubeIDE_1.13.2/STM32CubeIDE/plugins/com.st.stm32cube.ide.mcu.externaltools.gnu-tools-for-stm32.11.3.rel1.win32_1.1.1.202309131626/tools/bin/../lib/gcc/arm-none-eabi/11.3.1/thumb/v7e-m+fp/hard/crtbegin.o
                0x0000000020000040                . = ALIGN (0x4)

.bss            0x0000000020000040     0x449c load address 0x00000000080052f4
                0x0000000020000040                _sbss = .
                0x0000000020000040                __bss_start__ = _sbss
 *(.bss)
 .bss           0x0000000020000040       0x1c C:/ST/STM32CubeIDE_1.13.2/STM32CubeIDE/plugins/com.st.stm32cube.ide.mcu.externaltools.gnu-tools-for-stm32.11.3.rel1.win32_1.1.1.202309131626/tools/bin/../lib/gcc/arm-none-eabi/11.3.1/thumb/v7e-m+fp/hard/crtbegin.o
 *(.bss*)
 .bss.ball      0x000000002000005c       0x14 ./Core/Src/Ball.o
                0x000000002000005c                ball
 .bss.bricks_on_map
                0x0000000020000070      0x2d0 ./Core/Src/Brick.o
                0x0000000020000070                bricks_on_map
 .bss.LCD_DISPLAY
                0x0000000020000340     0x2000 ./Core/Src/Display.o
                0x0000000020000340                LCD_DISPLAY
 .bss.PREV_LCD_DISPLAY
                0x0000000020002340     0x2000 ./Core/Src/Display.o
                0x0000000020002340                PREV_LCD_DISPLAY
 .bss.hadc1     0x0000000020004340       0x48 ./Core/Src/adc.o
                0x0000000020004340                hadc1
 .bss.hadc2     0x0000000020004388       0x48 ./Core/Src/adc.o
                0x0000000020004388                hadc2
 .bss.hdma_adc1
                0x00000000200043d0       0x60 ./Core/Src/adc.o
                0x00000000200043d0                hdma_adc1
 .bss.hdma_adc2
                0x0000000020004430       0x60 ./Core/Src/adc.o
                0x0000000020004430                hdma_adc2
 .bss.rxBuffer  0x0000000020004490        0x1 ./Core/Src/bsp_uart.o
                0x0000000020004490                rxBuffer
 *fill*         0x0000000020004491        0x3 
 .bss.huart3    0x0000000020004494       0x44 ./Core/Src/usart.o
                0x0000000020004494                huart3
 .bss.uwTick    0x00000000200044d8        0x4 ./Drivers/STM32F4xx_HAL_Driver/Src/stm32f4xx_hal.o
                0x00000000200044d8                uwTick
 *(COMMON)
                0x00000000200044dc                . = ALIGN (0x4)
                0x00000000200044dc                _ebss = .
                0x00000000200044dc                __bss_end__ = _ebss

._user_heap_stack
                0x00000000200044dc      0x604 load address 0x00000000080052f4
                0x00000000200044e0                . = ALIGN (0x8)
 *fill*         0x00000000200044dc        0x4 
                [!provide]                        PROVIDE (end = .)
                0x00000000200044e0                PROVIDE (_end = .)
                0x00000000200046e0                . = (. + _Min_Heap_Size)
 *fill*         0x00000000200044e0      0x200 
                0x0000000020004ae0                . = (. + _Min_Stack_Size)
 *fill*         0x00000000200046e0      0x400 
                0x0000000020004ae0                . = ALIGN (0x8)

/DISCARD/
 libc.a(*)
 libm.a(*)
 libgcc.a(*)

.ARM.attributes
                0x0000000000000000       0x30
 *(.ARM.attributes)
 .ARM.attributes
                0x0000000000000000       0x1e C:/ST/STM32CubeIDE_1.13.2/STM32CubeIDE/plugins/com.st.stm32cube.ide.mcu.externaltools.gnu-tools-for-stm32.11.3.rel1.win32_1.1.1.202309131626/tools/bin/../lib/gcc/arm-none-eabi/11.3.1/thumb/v7e-m+fp/hard/crti.o
 .ARM.attributes
                0x000000000000001e       0x34 C:/ST/STM32CubeIDE_1.13.2/STM32CubeIDE/plugins/com.st.stm32cube.ide.mcu.externaltools.gnu-tools-for-stm32.11.3.rel1.win32_1.1.1.202309131626/tools/bin/../lib/gcc/arm-none-eabi/11.3.1/thumb/v7e-m+fp/hard/crtbegin.o
 .ARM.attributes
                0x0000000000000052       0x34 ./Core/Src/Ball.o
 .ARM.attributes
                0x0000000000000086       0x34 ./Core/Src/Bat.o
 .ARM.attributes
                0x00000000000000ba       0x34 ./Core/Src/Brick.o
 .ARM.attributes
                0x00000000000000ee       0x34 ./Core/Src/Display.o
 .ARM.attributes
                0x0000000000000122       0x34 ./Core/Src/adc.o
 .ARM.attributes
                0x0000000000000156       0x34 ./Core/Src/bsp_uart.o
 .ARM.attributes
                0x000000000000018a       0x34 ./Core/Src/dma.o
 .ARM.attributes
                0x00000000000001be       0x34 ./Core/Src/gpio.o
 .ARM.attributes
                0x00000000000001f2       0x34 ./Core/Src/main.o
 .ARM.attributes
                0x0000000000000226       0x34 ./Core/Src/mainloop.o
 .ARM.attributes
                0x000000000000025a       0x34 ./Core/Src/stm32f4xx_hal_msp.o
 .ARM.attributes
                0x000000000000028e       0x34 ./Core/Src/stm32f4xx_it.o
 .ARM.attributes
                0x00000000000002c2       0x34 ./Core/Src/system_stm32f4xx.o
 .ARM.attributes
                0x00000000000002f6       0x34 ./Core/Src/usart.o
 .ARM.attributes
                0x000000000000032a       0x21 ./Core/Startup/startup_stm32f446retx.o
 .ARM.attributes
                0x000000000000034b       0x34 ./Drivers/STM32F4xx_HAL_Driver/Src/stm32f4xx_hal.o
 .ARM.attributes
                0x000000000000037f       0x34 ./Drivers/STM32F4xx_HAL_Driver/Src/stm32f4xx_hal_adc.o
 .ARM.attributes
                0x00000000000003b3       0x34 ./Drivers/STM32F4xx_HAL_Driver/Src/stm32f4xx_hal_cortex.o
 .ARM.attributes
                0x00000000000003e7       0x34 ./Drivers/STM32F4xx_HAL_Driver/Src/stm32f4xx_hal_dma.o
 .ARM.attributes
                0x000000000000041b       0x34 ./Drivers/STM32F4xx_HAL_Driver/Src/stm32f4xx_hal_gpio.o
 .ARM.attributes
                0x000000000000044f       0x34 ./Drivers/STM32F4xx_HAL_Driver/Src/stm32f4xx_hal_rcc.o
 .ARM.attributes
                0x0000000000000483       0x34 ./Drivers/STM32F4xx_HAL_Driver/Src/stm32f4xx_hal_rcc_ex.o
 .ARM.attributes
                0x00000000000004b7       0x34 ./Drivers/STM32F4xx_HAL_Driver/Src/stm32f4xx_hal_uart.o
 .ARM.attributes
                0x00000000000004eb       0x34 C:/ST/STM32CubeIDE_1.13.2/STM32CubeIDE/plugins/com.st.stm32cube.ide.mcu.externaltools.gnu-tools-for-stm32.11.3.rel1.win32_1.1.1.202309131626/tools/bin/../lib/gcc/arm-none-eabi/11.3.1/../../../../arm-none-eabi/lib/thumb/v7e-m+fp/hard\libc_nano.a(libc_a-memset.o)
 .ARM.attributes
                0x000000000000051f       0x34 C:/ST/STM32CubeIDE_1.13.2/STM32CubeIDE/plugins/com.st.stm32cube.ide.mcu.externaltools.gnu-tools-for-stm32.11.3.rel1.win32_1.1.1.202309131626/tools/bin/../lib/gcc/arm-none-eabi/11.3.1/../../../../arm-none-eabi/lib/thumb/v7e-m+fp/hard\libc_nano.a(libc_a-init.o)
 .ARM.attributes
                0x0000000000000553       0x1e C:/ST/STM32CubeIDE_1.13.2/STM32CubeIDE/plugins/com.st.stm32cube.ide.mcu.externaltools.gnu-tools-for-stm32.11.3.rel1.win32_1.1.1.202309131626/tools/bin/../lib/gcc/arm-none-eabi/11.3.1/thumb/v7e-m+fp/hard\libgcc.a(_arm_addsubdf3.o)
 .ARM.attributes
                0x0000000000000571       0x1e C:/ST/STM32CubeIDE_1.13.2/STM32CubeIDE/plugins/com.st.stm32cube.ide.mcu.externaltools.gnu-tools-for-stm32.11.3.rel1.win32_1.1.1.202309131626/tools/bin/../lib/gcc/arm-none-eabi/11.3.1/thumb/v7e-m+fp/hard\libgcc.a(_arm_muldivdf3.o)
 .ARM.attributes
                0x000000000000058f       0x1e C:/ST/STM32CubeIDE_1.13.2/STM32CubeIDE/plugins/com.st.stm32cube.ide.mcu.externaltools.gnu-tools-for-stm32.11.3.rel1.win32_1.1.1.202309131626/tools/bin/../lib/gcc/arm-none-eabi/11.3.1/thumb/v7e-m+fp/hard\libgcc.a(_arm_cmpdf2.o)
 .ARM.attributes
                0x00000000000005ad       0x1e C:/ST/STM32CubeIDE_1.13.2/STM32CubeIDE/plugins/com.st.stm32cube.ide.mcu.externaltools.gnu-tools-for-stm32.11.3.rel1.win32_1.1.1.202309131626/tools/bin/../lib/gcc/arm-none-eabi/11.3.1/thumb/v7e-m+fp/hard\libgcc.a(_aeabi_uldivmod.o)
 .ARM.attributes
                0x00000000000005cb       0x34 C:/ST/STM32CubeIDE_1.13.2/STM32CubeIDE/plugins/com.st.stm32cube.ide.mcu.externaltools.gnu-tools-for-stm32.11.3.rel1.win32_1.1.1.202309131626/tools/bin/../lib/gcc/arm-none-eabi/11.3.1/thumb/v7e-m+fp/hard\libgcc.a(_udivmoddi4.o)
 .ARM.attributes
                0x00000000000005ff       0x1e C:/ST/STM32CubeIDE_1.13.2/STM32CubeIDE/plugins/com.st.stm32cube.ide.mcu.externaltools.gnu-tools-for-stm32.11.3.rel1.win32_1.1.1.202309131626/tools/bin/../lib/gcc/arm-none-eabi/11.3.1/thumb/v7e-m+fp/hard\libgcc.a(_dvmd_tls.o)
 .ARM.attributes
                0x000000000000061d       0x1e C:/ST/STM32CubeIDE_1.13.2/STM32CubeIDE/plugins/com.st.stm32cube.ide.mcu.externaltools.gnu-tools-for-stm32.11.3.rel1.win32_1.1.1.202309131626/tools/bin/../lib/gcc/arm-none-eabi/11.3.1/thumb/v7e-m+fp/hard/crtn.o
OUTPUT(mar_lab_hf.elf elf32-littlearm)
LOAD linker stubs
LOAD C:/ST/STM32CubeIDE_1.13.2/STM32CubeIDE/plugins/com.st.stm32cube.ide.mcu.externaltools.gnu-tools-for-stm32.11.3.rel1.win32_1.1.1.202309131626/tools/bin/../lib/gcc/arm-none-eabi/11.3.1/../../../../arm-none-eabi/lib/thumb/v7e-m+fp/hard\libc.a
LOAD C:/ST/STM32CubeIDE_1.13.2/STM32CubeIDE/plugins/com.st.stm32cube.ide.mcu.externaltools.gnu-tools-for-stm32.11.3.rel1.win32_1.1.1.202309131626/tools/bin/../lib/gcc/arm-none-eabi/11.3.1/../../../../arm-none-eabi/lib/thumb/v7e-m+fp/hard\libm.a
LOAD C:/ST/STM32CubeIDE_1.13.2/STM32CubeIDE/plugins/com.st.stm32cube.ide.mcu.externaltools.gnu-tools-for-stm32.11.3.rel1.win32_1.1.1.202309131626/tools/bin/../lib/gcc/arm-none-eabi/11.3.1/thumb/v7e-m+fp/hard\libgcc.a

.comment        0x0000000000000000       0x43
 .comment       0x0000000000000000       0x43 C:/ST/STM32CubeIDE_1.13.2/STM32CubeIDE/plugins/com.st.stm32cube.ide.mcu.externaltools.gnu-tools-for-stm32.11.3.rel1.win32_1.1.1.202309131626/tools/bin/../lib/gcc/arm-none-eabi/11.3.1/thumb/v7e-m+fp/hard/crtbegin.o
                                         0x44 (size before relaxing)
 .comment       0x0000000000000043       0x44 ./Core/Src/Ball.o
 .comment       0x0000000000000043       0x44 ./Core/Src/Bat.o
 .comment       0x0000000000000043       0x44 ./Core/Src/Brick.o
 .comment       0x0000000000000043       0x44 ./Core/Src/Display.o
 .comment       0x0000000000000043       0x44 ./Core/Src/adc.o
 .comment       0x0000000000000043       0x44 ./Core/Src/bsp_uart.o
 .comment       0x0000000000000043       0x44 ./Core/Src/dma.o
 .comment       0x0000000000000043       0x44 ./Core/Src/gpio.o
 .comment       0x0000000000000043       0x44 ./Core/Src/main.o
 .comment       0x0000000000000043       0x44 ./Core/Src/mainloop.o
 .comment       0x0000000000000043       0x44 ./Core/Src/stm32f4xx_hal_msp.o
 .comment       0x0000000000000043       0x44 ./Core/Src/stm32f4xx_it.o
 .comment       0x0000000000000043       0x44 ./Core/Src/system_stm32f4xx.o
 .comment       0x0000000000000043       0x44 ./Core/Src/usart.o
 .comment       0x0000000000000043       0x44 ./Drivers/STM32F4xx_HAL_Driver/Src/stm32f4xx_hal.o
 .comment       0x0000000000000043       0x44 ./Drivers/STM32F4xx_HAL_Driver/Src/stm32f4xx_hal_adc.o
 .comment       0x0000000000000043       0x44 ./Drivers/STM32F4xx_HAL_Driver/Src/stm32f4xx_hal_cortex.o
 .comment       0x0000000000000043       0x44 ./Drivers/STM32F4xx_HAL_Driver/Src/stm32f4xx_hal_dma.o
 .comment       0x0000000000000043       0x44 ./Drivers/STM32F4xx_HAL_Driver/Src/stm32f4xx_hal_gpio.o
 .comment       0x0000000000000043       0x44 ./Drivers/STM32F4xx_HAL_Driver/Src/stm32f4xx_hal_rcc.o
 .comment       0x0000000000000043       0x44 ./Drivers/STM32F4xx_HAL_Driver/Src/stm32f4xx_hal_rcc_ex.o
 .comment       0x0000000000000043       0x44 ./Drivers/STM32F4xx_HAL_Driver/Src/stm32f4xx_hal_uart.o

.debug_info     0x0000000000000000     0xbe77
 .debug_info    0x0000000000000000      0x2d4 ./Core/Src/Ball.o
 .debug_info    0x00000000000002d4      0x243 ./Core/Src/Bat.o
 .debug_info    0x0000000000000517      0x189 ./Core/Src/Brick.o
 .debug_info    0x00000000000006a0      0x49a ./Core/Src/Display.o
 .debug_info    0x0000000000000b3a      0xa80 ./Core/Src/adc.o
 .debug_info    0x00000000000015ba      0x6dc ./Core/Src/bsp_uart.o
 .debug_info    0x0000000000001c96      0x4fb ./Core/Src/dma.o
 .debug_info    0x0000000000002191      0x439 ./Core/Src/gpio.o
 .debug_info    0x00000000000025ca      0x530 ./Core/Src/main.o
 .debug_info    0x0000000000002afa      0x8b1 ./Core/Src/mainloop.o
 .debug_info    0x00000000000033ab      0x2ac ./Core/Src/stm32f4xx_hal_msp.o
 .debug_info    0x0000000000003657      0x3c1 ./Core/Src/stm32f4xx_it.o
 .debug_info    0x0000000000003a18      0x54a ./Core/Src/system_stm32f4xx.o
 .debug_info    0x0000000000003f62      0x92f ./Core/Src/usart.o
 .debug_info    0x0000000000004891       0x23 ./Core/Startup/startup_stm32f446retx.o
 .debug_info    0x00000000000048b4      0x99e ./Drivers/STM32F4xx_HAL_Driver/Src/stm32f4xx_hal.o
 .debug_info    0x0000000000005252      0xcd4 ./Drivers/STM32F4xx_HAL_Driver/Src/stm32f4xx_hal_adc.o
 .debug_info    0x0000000000005f26      0xd64 ./Drivers/STM32F4xx_HAL_Driver/Src/stm32f4xx_hal_cortex.o
 .debug_info    0x0000000000006c8a      0x8e7 ./Drivers/STM32F4xx_HAL_Driver/Src/stm32f4xx_hal_dma.o
 .debug_info    0x0000000000007571      0x70b ./Drivers/STM32F4xx_HAL_Driver/Src/stm32f4xx_hal_gpio.o
 .debug_info    0x0000000000007c7c      0x8ed ./Drivers/STM32F4xx_HAL_Driver/Src/stm32f4xx_hal_rcc.o
 .debug_info    0x0000000000008569      0x956 ./Drivers/STM32F4xx_HAL_Driver/Src/stm32f4xx_hal_rcc_ex.o
 .debug_info    0x0000000000008ebf     0x2fb8 ./Drivers/STM32F4xx_HAL_Driver/Src/stm32f4xx_hal_uart.o

.debug_abbrev   0x0000000000000000     0x2964
 .debug_abbrev  0x0000000000000000      0x196 ./Core/Src/Ball.o
 .debug_abbrev  0x0000000000000196      0x16e ./Core/Src/Bat.o
 .debug_abbrev  0x0000000000000304       0xef ./Core/Src/Brick.o
 .debug_abbrev  0x00000000000003f3      0x211 ./Core/Src/Display.o
 .debug_abbrev  0x0000000000000604      0x20b ./Core/Src/adc.o
 .debug_abbrev  0x000000000000080f      0x1f2 ./Core/Src/bsp_uart.o
 .debug_abbrev  0x0000000000000a01      0x10e ./Core/Src/dma.o
 .debug_abbrev  0x0000000000000b0f      0x152 ./Core/Src/gpio.o
 .debug_abbrev  0x0000000000000c61      0x1f0 ./Core/Src/main.o
 .debug_abbrev  0x0000000000000e51      0x1fd ./Core/Src/mainloop.o
 .debug_abbrev  0x000000000000104e       0xf4 ./Core/Src/stm32f4xx_hal_msp.o
 .debug_abbrev  0x0000000000001142      0x16b ./Core/Src/stm32f4xx_it.o
 .debug_abbrev  0x00000000000012ad      0x11a ./Core/Src/system_stm32f4xx.o
 .debug_abbrev  0x00000000000013c7      0x1f9 ./Core/Src/usart.o
 .debug_abbrev  0x00000000000015c0       0x12 ./Core/Startup/startup_stm32f446retx.o
 .debug_abbrev  0x00000000000015d2      0x213 ./Drivers/STM32F4xx_HAL_Driver/Src/stm32f4xx_hal.o
 .debug_abbrev  0x00000000000017e5      0x252 ./Drivers/STM32F4xx_HAL_Driver/Src/stm32f4xx_hal_adc.o
 .debug_abbrev  0x0000000000001a37      0x327 ./Drivers/STM32F4xx_HAL_Driver/Src/stm32f4xx_hal_cortex.o
 .debug_abbrev  0x0000000000001d5e      0x264 ./Drivers/STM32F4xx_HAL_Driver/Src/stm32f4xx_hal_dma.o
 .debug_abbrev  0x0000000000001fc2      0x1d4 ./Drivers/STM32F4xx_HAL_Driver/Src/stm32f4xx_hal_gpio.o
 .debug_abbrev  0x0000000000002196      0x2b6 ./Drivers/STM32F4xx_HAL_Driver/Src/stm32f4xx_hal_rcc.o
 .debug_abbrev  0x000000000000244c      0x20a ./Drivers/STM32F4xx_HAL_Driver/Src/stm32f4xx_hal_rcc_ex.o
 .debug_abbrev  0x0000000000002656      0x30e ./Drivers/STM32F4xx_HAL_Driver/Src/stm32f4xx_hal_uart.o

.debug_aranges  0x0000000000000000      0x9f8
 .debug_aranges
                0x0000000000000000       0x38 ./Core/Src/Ball.o
 .debug_aranges
                0x0000000000000038       0x38 ./Core/Src/Bat.o
 .debug_aranges
                0x0000000000000070       0x28 ./Core/Src/Brick.o
 .debug_aranges
                0x0000000000000098       0x50 ./Core/Src/Display.o
 .debug_aranges
                0x00000000000000e8       0x38 ./Core/Src/adc.o
 .debug_aranges
                0x0000000000000120       0x30 ./Core/Src/bsp_uart.o
 .debug_aranges
                0x0000000000000150       0x20 ./Core/Src/dma.o
 .debug_aranges
                0x0000000000000170       0x20 ./Core/Src/gpio.o
 .debug_aranges
                0x0000000000000190       0x30 ./Core/Src/main.o
 .debug_aranges
                0x00000000000001c0       0x50 ./Core/Src/mainloop.o
 .debug_aranges
                0x0000000000000210       0x20 ./Core/Src/stm32f4xx_hal_msp.o
 .debug_aranges
                0x0000000000000230       0x70 ./Core/Src/stm32f4xx_it.o
 .debug_aranges
                0x00000000000002a0       0x28 ./Core/Src/system_stm32f4xx.o
 .debug_aranges
                0x00000000000002c8       0x30 ./Core/Src/usart.o
 .debug_aranges
                0x00000000000002f8       0x28 ./Core/Startup/startup_stm32f446retx.o
 .debug_aranges
                0x0000000000000320       0xf0 ./Drivers/STM32F4xx_HAL_Driver/Src/stm32f4xx_hal.o
 .debug_aranges
                0x0000000000000410       0xe8 ./Drivers/STM32F4xx_HAL_Driver/Src/stm32f4xx_hal_adc.o
 .debug_aranges
                0x00000000000004f8      0x118 ./Drivers/STM32F4xx_HAL_Driver/Src/stm32f4xx_hal_cortex.o
 .debug_aranges
                0x0000000000000610       0x90 ./Drivers/STM32F4xx_HAL_Driver/Src/stm32f4xx_hal_dma.o
 .debug_aranges
                0x00000000000006a0       0x58 ./Drivers/STM32F4xx_HAL_Driver/Src/stm32f4xx_hal_gpio.o
 .debug_aranges
                0x00000000000006f8       0x88 ./Drivers/STM32F4xx_HAL_Driver/Src/stm32f4xx_hal_rcc.o
 .debug_aranges
                0x0000000000000780       0x78 ./Drivers/STM32F4xx_HAL_Driver/Src/stm32f4xx_hal_rcc_ex.o
 .debug_aranges
                0x00000000000007f8      0x200 ./Drivers/STM32F4xx_HAL_Driver/Src/stm32f4xx_hal_uart.o

.debug_rnglists
                0x0000000000000000      0x77e
 .debug_rnglists
                0x0000000000000000       0x28 ./Core/Src/Ball.o
 .debug_rnglists
                0x0000000000000028       0x27 ./Core/Src/Bat.o
 .debug_rnglists
                0x000000000000004f       0x1b ./Core/Src/Brick.o
 .debug_rnglists
                0x000000000000006a       0x3a ./Core/Src/Display.o
 .debug_rnglists
                0x00000000000000a4       0x28 ./Core/Src/adc.o
 .debug_rnglists
                0x00000000000000cc       0x1f ./Core/Src/bsp_uart.o
 .debug_rnglists
                0x00000000000000eb       0x13 ./Core/Src/dma.o
 .debug_rnglists
                0x00000000000000fe       0x14 ./Core/Src/gpio.o
 .debug_rnglists
                0x0000000000000112       0x20 ./Core/Src/main.o
 .debug_rnglists
                0x0000000000000132       0x3b ./Core/Src/mainloop.o
 .debug_rnglists
                0x000000000000016d       0x13 ./Core/Src/stm32f4xx_hal_msp.o
 .debug_rnglists
                0x0000000000000180       0x4f ./Core/Src/stm32f4xx_it.o
 .debug_rnglists
                0x00000000000001cf       0x1a ./Core/Src/system_stm32f4xx.o
 .debug_rnglists
                0x00000000000001e9       0x20 ./Core/Src/usart.o
 .debug_rnglists
                0x0000000000000209       0x19 ./Core/Startup/startup_stm32f446retx.o
 .debug_rnglists
                0x0000000000000222       0xaf ./Drivers/STM32F4xx_HAL_Driver/Src/stm32f4xx_hal.o
 .debug_rnglists
                0x00000000000002d1       0xb5 ./Drivers/STM32F4xx_HAL_Driver/Src/stm32f4xx_hal_adc.o
 .debug_rnglists
                0x0000000000000386       0xce ./Drivers/STM32F4xx_HAL_Driver/Src/stm32f4xx_hal_cortex.o
 .debug_rnglists
                0x0000000000000454       0x70 ./Drivers/STM32F4xx_HAL_Driver/Src/stm32f4xx_hal_dma.o
 .debug_rnglists
                0x00000000000004c4       0x3f ./Drivers/STM32F4xx_HAL_Driver/Src/stm32f4xx_hal_gpio.o
 .debug_rnglists
                0x0000000000000503       0x66 ./Drivers/STM32F4xx_HAL_Driver/Src/stm32f4xx_hal_rcc.o
 .debug_rnglists
                0x0000000000000569       0x5e ./Drivers/STM32F4xx_HAL_Driver/Src/stm32f4xx_hal_rcc_ex.o
 .debug_rnglists
                0x00000000000005c7      0x1b7 ./Drivers/STM32F4xx_HAL_Driver/Src/stm32f4xx_hal_uart.o

.debug_macro    0x0000000000000000    0x23451
 .debug_macro   0x0000000000000000       0x4b ./Core/Src/Ball.o
 .debug_macro   0x000000000000004b      0xaa8 ./Core/Src/Ball.o
 .debug_macro   0x0000000000000af3       0x16 ./Core/Src/Ball.o
 .debug_macro   0x0000000000000b09       0x2e ./Core/Src/Ball.o
 .debug_macro   0x0000000000000b37       0x1c ./Core/Src/Ball.o
 .debug_macro   0x0000000000000b53       0x22 ./Core/Src/Ball.o
 .debug_macro   0x0000000000000b75       0xad ./Core/Src/Bat.o
 .debug_macro   0x0000000000000c22       0x28 ./Core/Src/Bat.o
 .debug_macro   0x0000000000000c4a       0x22 ./Core/Src/Bat.o
 .debug_macro   0x0000000000000c6c       0x8e ./Core/Src/Bat.o
 .debug_macro   0x0000000000000cfa       0x51 ./Core/Src/Bat.o
 .debug_macro   0x0000000000000d4b      0x103 ./Core/Src/Bat.o
 .debug_macro   0x0000000000000e4e       0x6a ./Core/Src/Bat.o
 .debug_macro   0x0000000000000eb8      0x1df ./Core/Src/Bat.o
 .debug_macro   0x0000000000001097       0x4b ./Core/Src/Brick.o
 .debug_macro   0x00000000000010e2       0x22 ./Core/Src/Brick.o
 .debug_macro   0x0000000000001104      0x25b ./Core/Src/Display.o
 .debug_macro   0x000000000000135f      0x29b ./Core/Src/Display.o
 .debug_macro   0x00000000000015fa       0x2e ./Core/Src/Display.o
 .debug_macro   0x0000000000001628       0x28 ./Core/Src/Display.o
 .debug_macro   0x0000000000001650       0x1c ./Core/Src/Display.o
 .debug_macro   0x000000000000166c       0x22 ./Core/Src/Display.o
 .debug_macro   0x000000000000168e       0xd9 ./Core/Src/Display.o
 .debug_macro   0x0000000000001767     0x102d ./Core/Src/Display.o
 .debug_macro   0x0000000000002794      0x11f ./Core/Src/Display.o
 .debug_macro   0x00000000000028b3    0x16749 ./Core/Src/Display.o
 .debug_macro   0x0000000000018ffc       0x6d ./Core/Src/Display.o
 .debug_macro   0x0000000000019069     0x367e ./Core/Src/Display.o
 .debug_macro   0x000000000001c6e7      0x174 ./Core/Src/Display.o
 .debug_macro   0x000000000001c85b       0x5c ./Core/Src/Display.o
 .debug_macro   0x000000000001c8b7      0xc90 ./Core/Src/Display.o
 .debug_macro   0x000000000001d547      0x9fe ./Core/Src/Display.o
 .debug_macro   0x000000000001df45      0x115 ./Core/Src/Display.o
 .debug_macro   0x000000000001e05a      0x1a0 ./Core/Src/Display.o
 .debug_macro   0x000000000001e1fa       0xa5 ./Core/Src/Display.o
 .debug_macro   0x000000000001e29f      0x16d ./Core/Src/Display.o
 .debug_macro   0x000000000001e40c      0x287 ./Core/Src/Display.o
 .debug_macro   0x000000000001e693       0x5f ./Core/Src/Display.o
 .debug_macro   0x000000000001e6f2      0x236 ./Core/Src/Display.o
 .debug_macro   0x000000000001e928      0xb5b ./Core/Src/Display.o
 .debug_macro   0x000000000001f483      0x38b ./Core/Src/Display.o
 .debug_macro   0x000000000001f80e      0x17d ./Core/Src/Display.o
 .debug_macro   0x000000000001f98b       0xf9 ./Core/Src/Display.o
 .debug_macro   0x000000000001fa84      0x132 ./Core/Src/Display.o
 .debug_macro   0x000000000001fbb6      0x29c ./Core/Src/Display.o
 .debug_macro   0x000000000001fe52       0x2e ./Core/Src/Display.o
 .debug_macro   0x000000000001fe80      0x11a ./Core/Src/Display.o
 .debug_macro   0x000000000001ff9a       0xe8 ./Core/Src/Display.o
 .debug_macro   0x0000000000020082       0x89 ./Core/Src/Display.o
 .debug_macro   0x000000000002010b      0x295 ./Core/Src/Display.o
 .debug_macro   0x00000000000203a0      0x126 ./Core/Src/Display.o
 .debug_macro   0x00000000000204c6      0x124 ./Core/Src/Display.o
 .debug_macro   0x00000000000205ea      0x1fb ./Core/Src/adc.o
 .debug_macro   0x00000000000207e5      0x309 ./Core/Src/bsp_uart.o
 .debug_macro   0x0000000000020aee       0x61 ./Core/Src/bsp_uart.o
 .debug_macro   0x0000000000020b4f       0x2a ./Core/Src/bsp_uart.o
 .debug_macro   0x0000000000020b79       0x43 ./Core/Src/bsp_uart.o
 .debug_macro   0x0000000000020bbc       0x34 ./Core/Src/bsp_uart.o
 .debug_macro   0x0000000000020bf0       0x16 ./Core/Src/bsp_uart.o
 .debug_macro   0x0000000000020c06       0x43 ./Core/Src/bsp_uart.o
 .debug_macro   0x0000000000020c49       0x34 ./Core/Src/bsp_uart.o
 .debug_macro   0x0000000000020c7d       0x10 ./Core/Src/bsp_uart.o
 .debug_macro   0x0000000000020c8d       0x58 ./Core/Src/bsp_uart.o
 .debug_macro   0x0000000000020ce5       0x8e ./Core/Src/bsp_uart.o
 .debug_macro   0x0000000000020d73       0x1c ./Core/Src/bsp_uart.o
 .debug_macro   0x0000000000020d8f      0x177 ./Core/Src/bsp_uart.o
 .debug_macro   0x0000000000020f06      0x369 ./Core/Src/bsp_uart.o
 .debug_macro   0x000000000002126f       0x10 ./Core/Src/bsp_uart.o
 .debug_macro   0x000000000002127f       0x35 ./Core/Src/bsp_uart.o
 .debug_macro   0x00000000000212b4       0x20 ./Core/Src/bsp_uart.o
 .debug_macro   0x00000000000212d4      0x12a ./Core/Src/bsp_uart.o
 .debug_macro   0x00000000000213fe       0x1c ./Core/Src/bsp_uart.o
 .debug_macro   0x000000000002141a      0x1fb ./Core/Src/dma.o
 .debug_macro   0x0000000000021615      0x1fb ./Core/Src/gpio.o
 .debug_macro   0x0000000000021810      0x26b ./Core/Src/main.o
 .debug_macro   0x0000000000021a7b      0x26b ./Core/Src/mainloop.o
 .debug_macro   0x0000000000021ce6      0x1f1 ./Core/Src/stm32f4xx_hal_msp.o
 .debug_macro   0x0000000000021ed7      0x1fb ./Core/Src/stm32f4xx_it.o
 .debug_macro   0x00000000000220d2      0x1e2 ./Core/Src/system_stm32f4xx.o
 .debug_macro   0x00000000000222b4      0x1fb ./Core/Src/usart.o
 .debug_macro   0x00000000000224af      0x242 ./Drivers/STM32F4xx_HAL_Driver/Src/stm32f4xx_hal.o
 .debug_macro   0x00000000000226f1      0x1e3 ./Drivers/STM32F4xx_HAL_Driver/Src/stm32f4xx_hal_adc.o
 .debug_macro   0x00000000000228d4      0x1e2 ./Drivers/STM32F4xx_HAL_Driver/Src/stm32f4xx_hal_cortex.o
 .debug_macro   0x0000000000022ab6      0x1e8 ./Drivers/STM32F4xx_HAL_Driver/Src/stm32f4xx_hal_dma.o
 .debug_macro   0x0000000000022c9e      0x1e8 ./Drivers/STM32F4xx_HAL_Driver/Src/stm32f4xx_hal_gpio.o
 .debug_macro   0x0000000000022e86      0x206 ./Drivers/STM32F4xx_HAL_Driver/Src/stm32f4xx_hal_rcc.o
 .debug_macro   0x000000000002308c      0x1e2 ./Drivers/STM32F4xx_HAL_Driver/Src/stm32f4xx_hal_rcc_ex.o
 .debug_macro   0x000000000002326e      0x1e3 ./Drivers/STM32F4xx_HAL_Driver/Src/stm32f4xx_hal_uart.o

.debug_line     0x0000000000000000     0xfcea
 .debug_line    0x0000000000000000      0x5ae ./Core/Src/Ball.o
 .debug_line    0x00000000000005ae      0x603 ./Core/Src/Bat.o
 .debug_line    0x0000000000000bb1      0x12c ./Core/Src/Brick.o
 .debug_line    0x0000000000000cdd      0xa3d ./Core/Src/Display.o
 .debug_line    0x000000000000171a      0x8ad ./Core/Src/adc.o
 .debug_line    0x0000000000001fc7      0x960 ./Core/Src/bsp_uart.o
 .debug_line    0x0000000000002927      0x75a ./Core/Src/dma.o
 .debug_line    0x0000000000003081      0x792 ./Core/Src/gpio.o
 .debug_line    0x0000000000003813      0x84f ./Core/Src/main.o
 .debug_line    0x0000000000004062      0xa75 ./Core/Src/mainloop.o
 .debug_line    0x0000000000004ad7      0x75e ./Core/Src/stm32f4xx_hal_msp.o
 .debug_line    0x0000000000005235      0x84f ./Core/Src/stm32f4xx_it.o
 .debug_line    0x0000000000005a84      0x7de ./Core/Src/system_stm32f4xx.o
 .debug_line    0x0000000000006262      0x7c6 ./Core/Src/usart.o
 .debug_line    0x0000000000006a28       0x7a ./Core/Startup/startup_stm32f446retx.o
 .debug_line    0x0000000000006aa2      0xa44 ./Drivers/STM32F4xx_HAL_Driver/Src/stm32f4xx_hal.o
 .debug_line    0x00000000000074e6     0x12b4 ./Drivers/STM32F4xx_HAL_Driver/Src/stm32f4xx_hal_adc.o
 .debug_line    0x000000000000879a      0xcf3 ./Drivers/STM32F4xx_HAL_Driver/Src/stm32f4xx_hal_cortex.o
 .debug_line    0x000000000000948d      0xfa8 ./Drivers/STM32F4xx_HAL_Driver/Src/stm32f4xx_hal_dma.o
 .debug_line    0x000000000000a435      0xba4 ./Drivers/STM32F4xx_HAL_Driver/Src/stm32f4xx_hal_gpio.o
 .debug_line    0x000000000000afd9      0xdc9 ./Drivers/STM32F4xx_HAL_Driver/Src/stm32f4xx_hal_rcc.o
 .debug_line    0x000000000000bda2     0x1462 ./Drivers/STM32F4xx_HAL_Driver/Src/stm32f4xx_hal_rcc_ex.o
 .debug_line    0x000000000000d204     0x2ae6 ./Drivers/STM32F4xx_HAL_Driver/Src/stm32f4xx_hal_uart.o

.debug_str      0x0000000000000000    0xd4a89
 .debug_str     0x0000000000000000     0x301c ./Core/Src/Ball.o
                                       0x304f (size before relaxing)
 .debug_str     0x000000000000301c      0xe43 ./Core/Src/Bat.o
                                       0x3f4b (size before relaxing)
 .debug_str     0x0000000000003e5f       0x32 ./Core/Src/Brick.o
                                       0x2ff7 (size before relaxing)
 .debug_str     0x0000000000003e91    0xcaca3 ./Core/Src/Display.o
                                      0xced1e (size before relaxing)
 .debug_str     0x00000000000ceb34      0x608 ./Core/Src/adc.o
                                      0xcf028 (size before relaxing)
 .debug_str     0x00000000000cf13c     0x33ae ./Core/Src/bsp_uart.o
                                      0xd21b0 (size before relaxing)
 .debug_str     0x00000000000d24ea      0x55d ./Core/Src/dma.o
                                      0xcf006 (size before relaxing)
 .debug_str     0x00000000000d2a47       0x20 ./Core/Src/gpio.o
                                      0xceb73 (size before relaxing)
 .debug_str     0x00000000000d2a67      0x1b8 ./Core/Src/main.o
                                      0xceebd (size before relaxing)
 .debug_str     0x00000000000d2c1f       0xb8 ./Core/Src/mainloop.o
                                      0xcf159 (size before relaxing)
 .debug_str     0x00000000000d2cd7       0x49 ./Core/Src/stm32f4xx_hal_msp.o
                                      0xceac5 (size before relaxing)
 .debug_str     0x00000000000d2d20      0x10c ./Core/Src/stm32f4xx_it.o
                                      0xcecc0 (size before relaxing)
 .debug_str     0x00000000000d2e2c       0xdb ./Core/Src/system_stm32f4xx.o
                                      0xce6f5 (size before relaxing)
 .debug_str     0x00000000000d2f07       0x51 ./Core/Src/usart.o
                                      0xcf008 (size before relaxing)
 .debug_str     0x00000000000d2f58       0x34 ./Core/Startup/startup_stm32f446retx.o
                                         0x71 (size before relaxing)
 .debug_str     0x00000000000d2f8c      0x5f0 ./Drivers/STM32F4xx_HAL_Driver/Src/stm32f4xx_hal.o
                                      0xcf2ba (size before relaxing)
 .debug_str     0x00000000000d357c      0x2c3 ./Drivers/STM32F4xx_HAL_Driver/Src/stm32f4xx_hal_adc.o
                                      0xcecbd (size before relaxing)
 .debug_str     0x00000000000d383f      0x33a ./Drivers/STM32F4xx_HAL_Driver/Src/stm32f4xx_hal_cortex.o
                                      0xcefc8 (size before relaxing)
 .debug_str     0x00000000000d3b79      0x2d5 ./Drivers/STM32F4xx_HAL_Driver/Src/stm32f4xx_hal_dma.o
                                      0xceaea (size before relaxing)
 .debug_str     0x00000000000d3e4e      0x11c ./Drivers/STM32F4xx_HAL_Driver/Src/stm32f4xx_hal_gpio.o
                                      0xce870 (size before relaxing)
 .debug_str     0x00000000000d3f6a      0x233 ./Drivers/STM32F4xx_HAL_Driver/Src/stm32f4xx_hal_rcc.o
                                      0xceb2e (size before relaxing)
 .debug_str     0x00000000000d419d      0x324 ./Drivers/STM32F4xx_HAL_Driver/Src/stm32f4xx_hal_rcc_ex.o
                                      0xceb61 (size before relaxing)
 .debug_str     0x00000000000d44c1      0x5c8 ./Drivers/STM32F4xx_HAL_Driver/Src/stm32f4xx_hal_uart.o
                                      0xcf0a3 (size before relaxing)

.debug_frame    0x0000000000000000     0x26e8
 .debug_frame   0x0000000000000000       0xb8 ./Core/Src/Ball.o
 .debug_frame   0x00000000000000b8       0xa8 ./Core/Src/Bat.o
 .debug_frame   0x0000000000000160       0x68 ./Core/Src/Brick.o
 .debug_frame   0x00000000000001c8      0x108 ./Core/Src/Display.o
 .debug_frame   0x00000000000002d0       0xa0 ./Core/Src/adc.o
 .debug_frame   0x0000000000000370       0x74 ./Core/Src/bsp_uart.o
 .debug_frame   0x00000000000003e4       0x34 ./Core/Src/dma.o
 .debug_frame   0x0000000000000418       0x34 ./Core/Src/gpio.o
 .debug_frame   0x000000000000044c       0x68 ./Core/Src/main.o
 .debug_frame   0x00000000000004b4       0xe0 ./Core/Src/mainloop.o
 .debug_frame   0x0000000000000594       0x34 ./Core/Src/stm32f4xx_hal_msp.o
 .debug_frame   0x00000000000005c8      0x13c ./Core/Src/stm32f4xx_it.o
 .debug_frame   0x0000000000000704       0x58 ./Core/Src/system_stm32f4xx.o
 .debug_frame   0x000000000000075c       0x74 ./Core/Src/usart.o
 .debug_frame   0x00000000000007d0      0x374 ./Drivers/STM32F4xx_HAL_Driver/Src/stm32f4xx_hal.o
 .debug_frame   0x0000000000000b44      0x3fc ./Drivers/STM32F4xx_HAL_Driver/Src/stm32f4xx_hal_adc.o
 .debug_frame   0x0000000000000f40      0x498 ./Drivers/STM32F4xx_HAL_Driver/Src/stm32f4xx_hal_cortex.o
 .debug_frame   0x00000000000013d8      0x250 ./Drivers/STM32F4xx_HAL_Driver/Src/stm32f4xx_hal_dma.o
 .debug_frame   0x0000000000001628      0x14c ./Drivers/STM32F4xx_HAL_Driver/Src/stm32f4xx_hal_gpio.o
 .debug_frame   0x0000000000001774      0x1f4 ./Drivers/STM32F4xx_HAL_Driver/Src/stm32f4xx_hal_rcc.o
 .debug_frame   0x0000000000001968      0x1e8 ./Drivers/STM32F4xx_HAL_Driver/Src/stm32f4xx_hal_rcc_ex.o
 .debug_frame   0x0000000000001b50      0x92c ./Drivers/STM32F4xx_HAL_Driver/Src/stm32f4xx_hal_uart.o
 .debug_frame   0x000000000000247c       0x20 C:/ST/STM32CubeIDE_1.13.2/STM32CubeIDE/plugins/com.st.stm32cube.ide.mcu.externaltools.gnu-tools-for-stm32.11.3.rel1.win32_1.1.1.202309131626/tools/bin/../lib/gcc/arm-none-eabi/11.3.1/../../../../arm-none-eabi/lib/thumb/v7e-m+fp/hard\libc_nano.a(libc_a-memset.o)
 .debug_frame   0x000000000000249c       0x2c C:/ST/STM32CubeIDE_1.13.2/STM32CubeIDE/plugins/com.st.stm32cube.ide.mcu.externaltools.gnu-tools-for-stm32.11.3.rel1.win32_1.1.1.202309131626/tools/bin/../lib/gcc/arm-none-eabi/11.3.1/../../../../arm-none-eabi/lib/thumb/v7e-m+fp/hard\libc_nano.a(libc_a-init.o)
 .debug_frame   0x00000000000024c8       0xac C:/ST/STM32CubeIDE_1.13.2/STM32CubeIDE/plugins/com.st.stm32cube.ide.mcu.externaltools.gnu-tools-for-stm32.11.3.rel1.win32_1.1.1.202309131626/tools/bin/../lib/gcc/arm-none-eabi/11.3.1/thumb/v7e-m+fp/hard\libgcc.a(_arm_addsubdf3.o)
 .debug_frame   0x0000000000002574       0x50 C:/ST/STM32CubeIDE_1.13.2/STM32CubeIDE/plugins/com.st.stm32cube.ide.mcu.externaltools.gnu-tools-for-stm32.11.3.rel1.win32_1.1.1.202309131626/tools/bin/../lib/gcc/arm-none-eabi/11.3.1/thumb/v7e-m+fp/hard\libgcc.a(_arm_muldivdf3.o)
 .debug_frame   0x00000000000025c4       0xc4 C:/ST/STM32CubeIDE_1.13.2/STM32CubeIDE/plugins/com.st.stm32cube.ide.mcu.externaltools.gnu-tools-for-stm32.11.3.rel1.win32_1.1.1.202309131626/tools/bin/../lib/gcc/arm-none-eabi/11.3.1/thumb/v7e-m+fp/hard\libgcc.a(_arm_cmpdf2.o)
 .debug_frame   0x0000000000002688       0x2c C:/ST/STM32CubeIDE_1.13.2/STM32CubeIDE/plugins/com.st.stm32cube.ide.mcu.externaltools.gnu-tools-for-stm32.11.3.rel1.win32_1.1.1.202309131626/tools/bin/../lib/gcc/arm-none-eabi/11.3.1/thumb/v7e-m+fp/hard\libgcc.a(_aeabi_uldivmod.o)
 .debug_frame   0x00000000000026b4       0x34 C:/ST/STM32CubeIDE_1.13.2/STM32CubeIDE/plugins/com.st.stm32cube.ide.mcu.externaltools.gnu-tools-for-stm32.11.3.rel1.win32_1.1.1.202309131626/tools/bin/../lib/gcc/arm-none-eabi/11.3.1/thumb/v7e-m+fp/hard\libgcc.a(_udivmoddi4.o)

.debug_line_str
                0x0000000000000000       0x65
 .debug_line_str
                0x0000000000000000       0x65 ./Core/Startup/startup_stm32f446retx.o
                                         0x7d (size before relaxing)
